../../TouchGFX/gui/include/gui/screen1_screen/Screen1Presenter.hpp:29:13:Screen1Presenter::~Screen1Presenter()	0	static
C:/TouchGFXProjects/Termometer/TouchGFX/gui/src/screen1_screen/Screen1Presenter.cpp:10:6:virtual void Screen1Presenter::activate()	0	static
C:/TouchGFXProjects/Termometer/TouchGFX/gui/src/screen1_screen/Screen1Presenter.cpp:20:6:virtual void Screen1Presenter::updateTempData(DHT22_DataTypedef*)	0	static
../../TouchGFX/gui/include/gui/screen1_screen/Screen1Presenter.hpp:29:13:virtual Screen1Presenter::~Screen1Presenter()	8	static
../../TouchGFX/gui/include/gui/screen1_screen/Screen1Presenter.hpp:29:13:virtual void* Screen1Presenter::_ZThn4_N16Screen1PresenterD1Ev()	0	static
../../TouchGFX/gui/include/gui/screen1_screen/Screen1Presenter.hpp:29:13:virtual void* Screen1Presenter::_ZThn4_N16Screen1PresenterD0Ev()	8	static
../../TouchGFX/gui/include/gui/screen1_screen/Screen1Presenter.hpp:30:18:virtual void Screen1Presenter::_ZThn4_N16Screen1Presenter14updateTempDataEP17DHT22_DataTypedef(DHT22_DataTypedef*)	0	static
C:/TouchGFXProjects/Termometer/TouchGFX/gui/src/screen1_screen/Screen1Presenter.cpp:4:1:Screen1Presenter::Screen1Presenter(Screen1View&)	4	static
